[0.009s][info][gc] Using G1
[14.415s][info][gc] GC(0) Pause Young (Normal) (G1 Evacuation Pause) 5M->3M(12M) 6.394ms
[14.462s][info][gc] GC(1) Pause Young (Normal) (G1 Evacuation Pause) 4M->4M(12M) 2.554ms
[14.513s][info][gc] GC(2) Pause Young (Normal) (G1 Evacuation Pause) 5M->4M(12M) 0.880ms
[14.543s][info][gc] GC(3) Pause Young (Normal) (G1 Evacuation Pause) 5M->4M(12M) 0.758ms
[14.605s][info][gc] GC(4) Pause Young (Normal) (G1 Evacuation Pause) 5M->4M(12M) 0.936ms
[14.676s][info][gc] GC(5) Pause Young (Normal) (G1 Evacuation Pause) 5M->4M(12M) 1.295ms
[14.745s][info][gc] GC(6) Pause Young (Concurrent Start) (G1 Evacuation Pause) 5M->4M(12M) 1.826ms
[14.745s][info][gc] GC(7) Concurrent Mark Cycle
[14.755s][info][gc] GC(7) Pause Remark 4M->4M(12M) 7.245ms
[14.758s][info][gc] GC(7) Pause Cleanup 4M->4M(12M) 0.012ms
[14.758s][info][gc] GC(7) Concurrent Mark Cycle 13.646ms
[14.827s][info][gc] GC(8) Pause Young (Normal) (G1 Evacuation Pause) 5M->5M(12M) 1.193ms
[14.873s][info][gc] GC(9) Pause Young (Concurrent Start) (G1 Evacuation Pause) 6M->5M(12M) 1.123ms
[14.874s][info][gc] GC(10) Concurrent Mark Cycle
[14.881s][info][gc] GC(10) Pause Remark 5M->5M(12M) 5.011ms
[14.882s][info][gc] GC(10) Pause Cleanup 5M->5M(12M) 0.015ms
[14.882s][info][gc] GC(10) Concurrent Mark Cycle 8.424ms
[14.920s][info][gc] GC(11) Pause Young (Normal) (G1 Evacuation Pause) 6M->5M(12M) 1.190ms
[14.970s][info][gc] GC(12) Pause Young (Concurrent Start) (G1 Evacuation Pause) 6M->6M(12M) 1.103ms
[14.970s][info][gc] GC(13) Concurrent Mark Cycle
[14.977s][info][gc] GC(13) Pause Remark 6M->6M(12M) 4.643ms
[14.978s][info][gc] GC(13) Pause Cleanup 6M->6M(12M) 0.012ms
[14.978s][info][gc] GC(13) Concurrent Mark Cycle 8.237ms
[15.009s][info][gc] GC(14) Pause Young (Prepare Mixed) (G1 Evacuation Pause) 7M->7M(12M) 0.911ms
[15.065s][info][gc] GC(15) Pause Young (Mixed) (G1 Preventive Collection) 8M->6M(12M) 1.145ms
[17.032s][info][gc] GC(16) Pause Young (Concurrent Start) (G1 Preventive Collection) 7M->6M(12M) 0.804ms
[17.032s][info][gc] GC(17) Concurrent Mark Cycle
[17.038s][info][gc] GC(17) Pause Remark 6M->6M(12M) 3.773ms
[17.039s][info][gc] GC(17) Pause Cleanup 6M->6M(12M) 0.018ms
[17.039s][info][gc] GC(17) Concurrent Mark Cycle 7.504ms
[17.138s][info][gc] GC(18) Pause Young (Prepare Mixed) (G1 Preventive Collection) 7M->6M(12M) 1.070ms
[17.239s][info][gc] GC(19) Pause Young (Mixed) (G1 Preventive Collection) 7M->5M(12M) 1.286ms
[396.873s][info][gc] GC(20) Pause Young (Concurrent Start) (G1 Humongous Allocation) 6M->5M(12M) 3.550ms
[396.873s][info][gc] GC(21) Concurrent Mark Cycle
[396.891s][info][gc] GC(21) Pause Remark 6M->6M(12M) 12.494ms
[396.894s][info][gc] GC(21) Pause Cleanup 6M->6M(12M) 0.043ms
[396.894s][info][gc] GC(21) Concurrent Mark Cycle 21.191ms
[645.484s][info][gc] GC(22) Pause Young (Concurrent Start) (G1 Humongous Allocation) 6M->5M(12M) 2.030ms
[645.484s][info][gc] GC(23) Concurrent Mark Cycle
[645.497s][info][gc] GC(23) Pause Remark 6M->6M(12M) 6.019ms
[645.500s][info][gc] GC(23) Pause Cleanup 6M->6M(12M) 0.078ms
[645.500s][info][gc] GC(23) Concurrent Mark Cycle 15.422ms
[752.224s][info][gc] GC(24) Pause Young (Concurrent Start) (G1 Humongous Allocation) 6M->5M(12M) 2.127ms
[752.225s][info][gc] GC(25) Concurrent Mark Cycle
[752.234s][info][gc] GC(25) Pause Remark 6M->6M(12M) 3.864ms
[752.237s][info][gc] GC(25) Pause Cleanup 6M->6M(12M) 0.037ms
[752.237s][info][gc] GC(25) Concurrent Mark Cycle 12.242ms
[1013.863s][info][gc] GC(26) Pause Young (Concurrent Start) (G1 Humongous Allocation) 6M->5M(12M) 2.502ms
[1013.863s][info][gc] GC(27) Concurrent Mark Cycle
[1013.870s][info][gc] GC(28) Pause Young (Normal) (G1 Evacuation Pause) 7M->6M(12M) 2.204ms
[1013.875s][info][gc] GC(27) Pause Remark 6M->6M(12M) 4.441ms
[1013.877s][info][gc] GC(27) Pause Cleanup 7M->7M(12M) 0.032ms
[1013.877s][info][gc] GC(27) Concurrent Mark Cycle 14.708ms
[1013.884s][info][gc] GC(29) Pause Young (Normal) (G1 Evacuation Pause) 7M->6M(12M) 1.039ms
[1013.902s][info][gc] GC(30) Pause Young (Concurrent Start) (G1 Evacuation Pause) 7M->6M(12M) 1.409ms
[1013.902s][info][gc] GC(31) Concurrent Mark Cycle
[1013.908s][info][gc] GC(31) Pause Remark 7M->7M(12M) 1.583ms
[1013.910s][info][gc] GC(31) Pause Cleanup 7M->7M(12M) 0.027ms
[1013.910s][info][gc] GC(31) Concurrent Mark Cycle 7.902ms
[1013.915s][info][gc] GC(32) Pause Young (Normal) (G1 Evacuation Pause) 7M->6M(12M) 0.992ms
[1013.919s][info][gc] GC(33) Pause Young (Concurrent Start) (G1 Evacuation Pause) 7M->7M(12M) 0.898ms
[1013.919s][info][gc] GC(34) Concurrent Mark Cycle
[1013.921s][info][gc] GC(35) Pause Young (Normal) (G1 Evacuation Pause) 8M->7M(12M) 0.346ms
[1013.924s][info][gc] GC(34) Pause Remark 7M->7M(12M) 1.096ms
[1013.925s][info][gc] GC(36) Pause Young (Normal) (G1 Evacuation Pause) 8M->7M(12M) 0.301ms
[1013.926s][info][gc] GC(34) Pause Cleanup 7M->7M(12M) 0.020ms
[1013.926s][info][gc] GC(34) Concurrent Mark Cycle 6.257ms
[1013.927s][info][gc] GC(37) Pause Young (Normal) (G1 Evacuation Pause) 8M->7M(12M) 0.276ms
[1013.929s][info][gc] GC(38) Pause Young (Concurrent Start) (G1 Evacuation Pause) 8M->7M(12M) 0.253ms
[1013.929s][info][gc] GC(39) Concurrent Mark Cycle
[1013.931s][info][gc] GC(40) Pause Young (Normal) (G1 Evacuation Pause) 8M->7M(12M) 0.341ms
[1013.933s][info][gc] GC(39) Pause Remark 7M->7M(12M) 0.996ms
[1013.935s][info][gc] GC(41) Pause Young (Normal) (G1 Evacuation Pause) 8M->7M(12M) 0.360ms
[1013.935s][info][gc] GC(39) Pause Cleanup 7M->7M(12M) 0.010ms
[1013.935s][info][gc] GC(39) Concurrent Mark Cycle 5.931ms
[1013.937s][info][gc] GC(42) Pause Young (Normal) (G1 Evacuation Pause) 8M->7M(12M) 0.269ms
[1013.939s][info][gc] GC(43) Pause Young (Concurrent Start) (G1 Evacuation Pause) 8M->7M(12M) 0.275ms
[1013.939s][info][gc] GC(44) Concurrent Mark Cycle
[1013.941s][info][gc] GC(45) Pause Young (Normal) (G1 Evacuation Pause) 8M->7M(12M) 0.236ms
[1013.943s][info][gc] GC(44) Pause Remark 7M->7M(12M) 1.751ms
[1013.945s][info][gc] GC(44) Pause Cleanup 8M->8M(12M) 0.015ms
[1013.945s][info][gc] GC(44) Concurrent Mark Cycle 5.821ms
[1013.945s][info][gc] GC(46) Pause Young (Normal) (G1 Evacuation Pause) 8M->7M(12M) 0.335ms
[1013.947s][info][gc] GC(47) Pause Young (Concurrent Start) (G1 Preventive Collection) 8M->7M(12M) 0.255ms
[1013.947s][info][gc] GC(48) Concurrent Mark Cycle
[1013.949s][info][gc] GC(49) Pause Young (Normal) (G1 Preventive Collection) 8M->7M(12M) 0.250ms
[1013.950s][info][gc] GC(48) Pause Remark 7M->7M(12M) 1.010ms
[1013.952s][info][gc] GC(50) Pause Young (Normal) (G1 Preventive Collection) 8M->7M(12M) 0.481ms
[1013.953s][info][gc] GC(48) Pause Cleanup 7M->7M(12M) 0.012ms
[1013.953s][info][gc] GC(48) Concurrent Mark Cycle 5.745ms
[1013.954s][info][gc] GC(51) Pause Young (Prepare Mixed) (G1 Preventive Collection) 8M->7M(12M) 0.206ms
[1013.958s][info][gc] GC(52) Pause Young (Mixed) (G1 Preventive Collection) (Evacuation Failure) 8M->8M(12M) 1.587ms
[1013.960s][info][gc] GC(53) Pause Young (Concurrent Start) (G1 Preventive Collection) 9M->8M(12M) 0.320ms
[1013.960s][info][gc] GC(54) Concurrent Mark Cycle
[1013.961s][info][gc] GC(55) Pause Young (Normal) (G1 Preventive Collection) 9M->8M(12M) 0.252ms
[1013.963s][info][gc] GC(54) Pause Remark 8M->8M(12M) 0.950ms
[1013.965s][info][gc] GC(56) Pause Young (Normal) (G1 Preventive Collection) 9M->8M(12M) 0.227ms
[1013.965s][info][gc] GC(54) Pause Cleanup 8M->8M(12M) 0.010ms
[1013.965s][info][gc] GC(54) Concurrent Mark Cycle 5.152ms
[1013.966s][info][gc] GC(57) Pause Young (Prepare Mixed) (G1 Preventive Collection) 9M->8M(12M) 0.176ms
[1013.968s][info][gc] GC(58) Pause Young (Mixed) (G1 Preventive Collection) (Evacuation Failure) 9M->8M(12M) 0.649ms
[1013.970s][info][gc] GC(59) Pause Young (Concurrent Start) (G1 Preventive Collection) 9M->8M(12M) 0.231ms
[1013.970s][info][gc] GC(60) Concurrent Mark Cycle
[1013.972s][info][gc] GC(61) Pause Young (Normal) (G1 Preventive Collection) 9M->8M(12M) 0.315ms
[1013.973s][info][gc] GC(60) Pause Remark 9M->9M(12M) 0.937ms
[1013.975s][info][gc] GC(60) Pause Cleanup 9M->9M(12M) 0.015ms
[1013.975s][info][gc] GC(60) Concurrent Mark Cycle 4.897ms
[1013.975s][info][gc] GC(62) Pause Young (Prepare Mixed) (G1 Preventive Collection) 9M->6M(12M) 0.205ms
