[0.015s][info][gc] Using Parallel
[1.172s][info][gc] GC(0) Pause Young (Allocation Failure) 3M->1M(11M) 3.924ms
[6.384s][info][gc] GC(1) Pause Young (Allocation Failure) 4M->2M(11M) 2.580ms
[6.540s][info][gc] GC(2) Pause Young (Allocation Failure) 5M->3M(11M) 3.239ms
[6.701s][info][gc] GC(3) Pause Young (Allocation Failure) 6M->3M(11M) 3.336ms
[6.822s][info][gc] GC(4) Pause Young (Allocation Failure) 6M->5M(11M) 2.410ms
[8.276s][info][gc] GC(5) Pause Young (Allocation Failure) 8M->5M(10M) 2.754ms
[422.538s][info][gc] GC(6) Pause Young (Allocation Failure) 7M->6M(11M) 6.721ms
[1527.679s][info][gc] GC(7) Pause Young (Allocation Failure) 8M->8M(11M) 2.404ms
[1527.712s][info][gc] GC(8) Pause Full (Ergonomics) 8M->4M(11M) 33.132ms
[1895.559s][info][gc] GC(9) Pause Young (Allocation Failure) 6M->5M(11M) 0.754ms
[1895.565s][info][gc] GC(10) Pause Young (Allocation Failure) 7M->5M(11M) 0.405ms
[1895.572s][info][gc] GC(11) Pause Young (Allocation Failure) 7M->5M(11M) 0.262ms
[1895.606s][info][gc] GC(12) Pause Young (Allocation Failure) 7M->5M(11M) 0.217ms
[1895.610s][info][gc] GC(13) Pause Young (Allocation Failure) 7M->6M(11M) 0.187ms
[1895.614s][info][gc] GC(14) Pause Young (Allocation Failure) 8M->6M(11M) 0.203ms
[1895.617s][info][gc] GC(15) Pause Young (Allocation Failure) 8M->6M(11M) 0.242ms
[1895.621s][info][gc] GC(16) Pause Young (Allocation Failure) 8M->6M(11M) 0.193ms
[1895.624s][info][gc] GC(17) Pause Young (Allocation Failure) 8M->6M(11M) 0.355ms
[1895.635s][info][gc] GC(18) Pause Full (Ergonomics) 6M->6M(11M) 11.248ms
[1895.640s][info][gc] GC(19) Pause Young (Allocation Failure) 8M->6M(11M) 0.234ms
[1895.643s][info][gc] GC(20) Pause Young (Allocation Failure) 8M->6M(11M) 0.184ms
[1895.646s][info][gc] GC(21) Pause Young (Allocation Failure) 8M->6M(11M) 0.192ms
[1895.648s][info][gc] GC(22) Pause Young (Allocation Failure) 8M->6M(11M) 0.169ms
[1895.651s][info][gc] GC(23) Pause Young (Allocation Failure) 8M->6M(11M) 0.206ms
