[0.012s][info][gc] Using The Z Garbage Collector
[0.168s][info][gc] GC(0) Garbage Collection (Warmup) 4M(22%)->4M(22%)
[0.285s][info][gc] GC(1) Garbage Collection (Warmup) 4M(22%)->6M(33%)
[0.359s][info][gc] GC(2) Garbage Collection (Warmup) 6M(33%)->4M(22%)
[2.877s][info][gc] GC(3) Garbage Collection (Proactive) 6M(33%)->4M(22%)
[9.683s][info][gc] GC(4) Garbage Collection (Proactive) 6M(33%)->6M(33%)
[10.020s][info][gc] GC(5) Garbage Collection (Allocation Rate) 12M(67%)->8M(44%)
[10.114s][info][gc] GC(6) Garbage Collection (Allocation Rate) 8M(44%)->6M(33%)
[10.216s][info][gc] GC(7) Garbage Collection (Allocation Rate) 6M(33%)->8M(44%)
[10.312s][info][gc] GC(8) Garbage Collection (Allocation Rate) 8M(44%)->8M(44%)
[10.413s][info][gc] GC(9) Garbage Collection (Allocation Rate) 8M(44%)->8M(44%)
[10.521s][info][gc] GC(10) Garbage Collection (Allocation Rate) 8M(44%)->8M(44%)
[10.608s][info][gc] GC(11) Garbage Collection (Allocation Rate) 8M(44%)->8M(44%)
[10.702s][info][gc] GC(12) Garbage Collection (Allocation Rate) 8M(44%)->8M(44%)
[10.793s][info][gc] GC(13) Garbage Collection (Allocation Rate) 8M(44%)->8M(44%)
[11.005s][info][gc] GC(14) Garbage Collection (Allocation Rate) 12M(67%)->8M(44%)
[11.777s][info][gc] GC(15) Garbage Collection (Allocation Rate) 10M(56%)->8M(44%)
[12.709s][info][gc] GC(16) Garbage Collection (Allocation Rate) 12M(67%)->8M(44%)
[13.185s][info][gc] GC(17) Garbage Collection (Allocation Rate) 12M(67%)->10M(56%)
[18.281s][info][gc] GC(18) Garbage Collection (Proactive) 12M(67%)->10M(56%)
[24.279s][info][gc] GC(19) Garbage Collection (Proactive) 12M(67%)->8M(44%)
[26.607s][info][gc] GC(20) Garbage Collection (Proactive) 10M(56%)->8M(44%)
[38.402s][info][gc] GC(21) Garbage Collection (Proactive) 10M(56%)->6M(33%)
[42.411s][info][gc] GC(22) Garbage Collection (Proactive) 8M(44%)->6M(33%)
[46.358s][info][gc] GC(23) Garbage Collection (Proactive) 8M(44%)->8M(44%)
[57.410s][info][gc] GC(24) Garbage Collection (Proactive) 10M(56%)->6M(33%)
[64.008s][info][gc] GC(25) Garbage Collection (Proactive) 8M(44%)->6M(33%)
[69.004s][info][gc] GC(26) Garbage Collection (Proactive) 8M(44%)->6M(33%)
[73.009s][info][gc] GC(27) Garbage Collection (Proactive) 8M(44%)->6M(33%)
[76.498s][info][gc] GC(28) Garbage Collection (Proactive) 8M(44%)->8M(44%)
[87.508s][info][gc] GC(29) Garbage Collection (Proactive) 10M(56%)->6M(33%)
[90.710s][info][gc] GC(30) Garbage Collection (Proactive) 8M(44%)->6M(33%)
[93.910s][info][gc] GC(31) Garbage Collection (Proactive) 8M(44%)->6M(33%)
[97.203s][info][gc] GC(32) Garbage Collection (Proactive) 8M(44%)->6M(33%)
[100.405s][info][gc] GC(33) Garbage Collection (Proactive) 8M(44%)->6M(33%)
[103.409s][info][gc] GC(34) Garbage Collection (Proactive) 8M(44%)->6M(33%)
[106.612s][info][gc] GC(35) Garbage Collection (Proactive) 8M(44%)->6M(33%)
[110.110s][info][gc] GC(36) Garbage Collection (Proactive) 8M(44%)->6M(33%)
[113.407s][info][gc] GC(37) Garbage Collection (Proactive) 8M(44%)->6M(33%)
[116.574s][info][gc] GC(38) Garbage Collection (Proactive) 8M(44%)->6M(33%)
[120.798s][info][gc] GC(39) Garbage Collection (Proactive) 8M(44%)->6M(33%)
[124.710s][info][gc] GC(40) Garbage Collection (Proactive) 8M(44%)->6M(33%)
[128.921s][info][gc] GC(41) Garbage Collection (Proactive) 8M(44%)->6M(33%)
[133.512s][info][gc] GC(42) Garbage Collection (Proactive) 8M(44%)->6M(33%)
[137.414s][info][gc] GC(43) Garbage Collection (Proactive) 8M(44%)->6M(33%)
[140.918s][info][gc] GC(44) Garbage Collection (Proactive) 8M(44%)->6M(33%)
[144.518s][info][gc] GC(45) Garbage Collection (Proactive) 8M(44%)->6M(33%)
[148.113s][info][gc] GC(46) Garbage Collection (Proactive) 8M(44%)->6M(33%)
[151.607s][info][gc] GC(47) Garbage Collection (Proactive) 8M(44%)->6M(33%)
[155.113s][info][gc] GC(48) Garbage Collection (Proactive) 8M(44%)->6M(33%)
[158.508s][info][gc] GC(49) Garbage Collection (Proactive) 8M(44%)->6M(33%)
[161.702s][info][gc] GC(50) Garbage Collection (Proactive) 8M(44%)->6M(33%)
[164.909s][info][gc] GC(51) Garbage Collection (Proactive) 8M(44%)->6M(33%)
[168.212s][info][gc] GC(52) Garbage Collection (Proactive) 8M(44%)->6M(33%)
[171.607s][info][gc] GC(53) Garbage Collection (Proactive) 8M(44%)->6M(33%)
[174.873s][info][gc] GC(54) Garbage Collection (Proactive) 8M(44%)->8M(44%)
[188.890s][info][gc] GC(55) Garbage Collection (Proactive) 10M(56%)->6M(33%)
[196.960s][info][gc] GC(56) Garbage Collection (Proactive) 8M(44%)->8M(44%)
[206.117s][info][gc] GC(57) Garbage Collection (Proactive) 10M(56%)->6M(33%)
[212.986s][info][gc] GC(58) Garbage Collection (Proactive) 8M(44%)->6M(33%)
[218.706s][info][gc] GC(59) Garbage Collection (Proactive) 8M(44%)->6M(33%)
[223.710s][info][gc] GC(60) Garbage Collection (Proactive) 8M(44%)->6M(33%)
[227.907s][info][gc] GC(61) Garbage Collection (Proactive) 8M(44%)->6M(33%)
[231.711s][info][gc] GC(62) Garbage Collection (Proactive) 8M(44%)->6M(33%)
[235.086s][info][gc] GC(63) Garbage Collection (Proactive) 8M(44%)->8M(44%)
[248.208s][info][gc] GC(64) Garbage Collection (Proactive) 10M(56%)->6M(33%)
[252.309s][info][gc] GC(65) Garbage Collection (Proactive) 8M(44%)->6M(33%)
[256.008s][info][gc] GC(66) Garbage Collection (Proactive) 8M(44%)->6M(33%)
[259.307s][info][gc] GC(67) Garbage Collection (Proactive) 8M(44%)->6M(33%)
[262.409s][info][gc] GC(68) Garbage Collection (Proactive) 8M(44%)->6M(33%)
[265.508s][info][gc] GC(69) Garbage Collection (Proactive) 8M(44%)->6M(33%)
[268.484s][info][gc] GC(70) Garbage Collection (Proactive) 8M(44%)->6M(33%)
[272.300s][info][gc] GC(71) Garbage Collection (Proactive) 8M(44%)->6M(33%)
[276.099s][info][gc] GC(72) Garbage Collection (Proactive) 10M(56%)->10M(56%)
[279.274s][info][gc] GC(73) Garbage Collection (Proactive) 12M(67%)->10M(56%)
[282.611s][info][gc] GC(74) Garbage Collection (Proactive) 12M(67%)->10M(56%)
[296.412s][info][gc] GC(75) Garbage Collection (Proactive) 12M(67%)->8M(44%)
[300.909s][info][gc] GC(76) Garbage Collection (Proactive) 10M(56%)->8M(44%)
[304.706s][info][gc] GC(77) Garbage Collection (Proactive) 10M(56%)->8M(44%)
[308.110s][info][gc] GC(78) Garbage Collection (Proactive) 10M(56%)->8M(44%)
[311.353s][info][gc] GC(79) Garbage Collection (Proactive) 10M(56%)->10M(56%)
[323.441s][info][gc] GC(80) Garbage Collection (Proactive) 12M(67%)->10M(56%)
[337.553s][info][gc] GC(81) Garbage Collection (Proactive) 12M(67%)->10M(56%)
[351.611s][info][gc] GC(82) Garbage Collection (Proactive) 12M(67%)->10M(56%)
[363.712s][info][gc] GC(83) Garbage Collection (Proactive) 12M(67%)->8M(44%)
[368.706s][info][gc] GC(84) Garbage Collection (Proactive) 10M(56%)->8M(44%)
[372.812s][info][gc] GC(85) Garbage Collection (Proactive) 10M(56%)->8M(44%)
[376.415s][info][gc] GC(86) Garbage Collection (Proactive) 10M(56%)->8M(44%)
[379.913s][info][gc] GC(87) Garbage Collection (Proactive) 10M(56%)->8M(44%)
[383.195s][info][gc] GC(88) Garbage Collection (Proactive) 10M(56%)->8M(44%)
[386.812s][info][gc] GC(89) Garbage Collection (Proactive) 10M(56%)->8M(44%)
[390.808s][info][gc] GC(90) Garbage Collection (Proactive) 10M(56%)->8M(44%)
[394.308s][info][gc] GC(91) Garbage Collection (Proactive) 10M(56%)->8M(44%)
[397.609s][info][gc] GC(92) Garbage Collection (Proactive) 10M(56%)->8M(44%)
[400.769s][info][gc] GC(93) Garbage Collection (Proactive) 10M(56%)->10M(56%)
[414.849s][info][gc] GC(94) Garbage Collection (Proactive) 12M(67%)->10M(56%)
[428.892s][info][gc] GC(95) Garbage Collection (Proactive) 12M(67%)->8M(44%)
[436.210s][info][gc] GC(96) Garbage Collection (Proactive) 10M(56%)->8M(44%)
[441.611s][info][gc] GC(97) Garbage Collection (Proactive) 10M(56%)->8M(44%)
[445.951s][info][gc] GC(98) Garbage Collection (Proactive) 10M(56%)->10M(56%)
[460.110s][info][gc] GC(99) Garbage Collection (Proactive) 12M(67%)->8M(44%)
[466.306s][info][gc] GC(100) Garbage Collection (Proactive) 10M(56%)->8M(44%)
[471.050s][info][gc] GC(101) Garbage Collection (Proactive) 10M(56%)->10M(56%)
[485.307s][info][gc] GC(102) Garbage Collection (Proactive) 12M(67%)->8M(44%)
[491.112s][info][gc] GC(103) Garbage Collection (Proactive) 10M(56%)->8M(44%)
[495.601s][info][gc] GC(104) Garbage Collection (Proactive) 10M(56%)->8M(44%)
[499.405s][info][gc] GC(105) Garbage Collection (Proactive) 10M(56%)->8M(44%)
[502.711s][info][gc] GC(106) Garbage Collection (Proactive) 10M(56%)->8M(44%)
[506.208s][info][gc] GC(107) Garbage Collection (Proactive) 10M(56%)->8M(44%)
[509.505s][info][gc] GC(108) Garbage Collection (Proactive) 10M(56%)->8M(44%)
[512.606s][info][gc] GC(109) Garbage Collection (Proactive) 10M(56%)->8M(44%)
[515.707s][info][gc] GC(110) Garbage Collection (Proactive) 10M(56%)->8M(44%)
[518.710s][info][gc] GC(111) Garbage Collection (Proactive) 10M(56%)->8M(44%)
[521.806s][info][gc] GC(112) Garbage Collection (Proactive) 10M(56%)->8M(44%)
[524.800s][info][gc] GC(113) Garbage Collection (Proactive) 10M(56%)->8M(44%)
[528.003s][info][gc] GC(114) Garbage Collection (Proactive) 10M(56%)->8M(44%)
[531.110s][info][gc] GC(115) Garbage Collection (Proactive) 10M(56%)->8M(44%)
[534.446s][info][gc] GC(116) Garbage Collection (Proactive) 10M(56%)->10M(56%)
[549.489s][info][gc] GC(117) Garbage Collection (Proactive) 12M(67%)->8M(44%)
[555.600s][info][gc] GC(118) Garbage Collection (Proactive) 10M(56%)->8M(44%)
[560.186s][info][gc] GC(119) Garbage Collection (Proactive) 10M(56%)->8M(44%)
[563.909s][info][gc] GC(120) Garbage Collection (Proactive) 10M(56%)->8M(44%)
[567.990s][info][gc] GC(121) Garbage Collection (Proactive) 10M(56%)->8M(44%)
[571.410s][info][gc] GC(122) Garbage Collection (Proactive) 10M(56%)->8M(44%)
[575.515s][info][gc] GC(123) Garbage Collection (Proactive) 10M(56%)->10M(56%)
[589.704s][info][gc] GC(124) Garbage Collection (Proactive) 12M(67%)->8M(44%)
[593.508s][info][gc] GC(125) Garbage Collection (Proactive) 10M(56%)->8M(44%)
[596.910s][info][gc] GC(126) Garbage Collection (Proactive) 10M(56%)->8M(44%)
[600.102s][info][gc] GC(127) Garbage Collection (Proactive) 10M(56%)->8M(44%)
[603.274s][info][gc] GC(128) Garbage Collection (Proactive) 12M(67%)->12M(67%)
[613.127s][info][gc] GC(129) Garbage Collection (Proactive) 14M(78%)->12M(67%)
[613.252s][info][gc] GC(130) Garbage Collection (Allocation Rate) 12M(67%)->12M(67%)
[613.378s][info][gc] GC(131) Garbage Collection (Allocation Rate) 12M(67%)->12M(67%)
[613.464s][info][gc] GC(132) Garbage Collection (Allocation Rate) 12M(67%)->12M(67%)
[613.563s][info][gc] GC(133) Garbage Collection (Allocation Rate) 12M(67%)->12M(67%)
[613.677s][info][gc] GC(134) Garbage Collection (Allocation Rate) 12M(67%)->14M(78%)
[613.873s][info][gc] GC(135) Garbage Collection (Allocation Rate) 14M(78%)->14M(78%)
[614.035s][info][gc] GC(136) Garbage Collection (Allocation Rate) 14M(78%)->14M(78%)
[614.137s][info][gc] GC(137) Garbage Collection (Allocation Rate) 14M(78%)->14M(78%)
[614.169s][info][gc] GC(138) Garbage Collection (Allocation Rate) 14M(78%)->14M(78%)
[614.263s][info][gc] GC(139) Garbage Collection (Allocation Rate) 14M(78%)->14M(78%)
[614.363s][info][gc] GC(140) Garbage Collection (Allocation Rate) 14M(78%)->14M(78%)
[614.463s][info][gc] GC(141) Garbage Collection (Allocation Rate) 14M(78%)->14M(78%)
[614.563s][info][gc] GC(142) Garbage Collection (Allocation Rate) 14M(78%)->14M(78%)
[614.727s][info][gc] GC(143) Garbage Collection (Allocation Rate) 14M(78%)->14M(78%)
[614.790s][info][gc] GC(144) Garbage Collection (Allocation Rate) 14M(78%)->14M(78%)
[614.863s][info][gc] GC(145) Garbage Collection (Allocation Rate) 14M(78%)->14M(78%)
[614.963s][info][gc] GC(146) Garbage Collection (Allocation Rate) 14M(78%)->14M(78%)
[615.063s][info][gc] GC(147) Garbage Collection (Allocation Rate) 14M(78%)->14M(78%)
[615.163s][info][gc] GC(148) Garbage Collection (Allocation Rate) 14M(78%)->14M(78%)
[615.263s][info][gc] GC(149) Garbage Collection (Allocation Rate) 14M(78%)->14M(78%)
[615.363s][info][gc] GC(150) Garbage Collection (Allocation Rate) 14M(78%)->14M(78%)
[615.463s][info][gc] GC(151) Garbage Collection (Allocation Rate) 14M(78%)->14M(78%)
[615.559s][info][gc] GC(152) Garbage Collection (Allocation Rate) 14M(78%)->14M(78%)
[615.714s][info][gc] GC(153) Garbage Collection (Allocation Rate) 14M(78%)->14M(78%)
[615.766s][info][gc] GC(154) Garbage Collection (Allocation Rate) 14M(78%)->14M(78%)
[615.863s][info][gc] GC(155) Garbage Collection (Allocation Rate) 14M(78%)->14M(78%)
[615.963s][info][gc] GC(156) Garbage Collection (Allocation Rate) 14M(78%)->14M(78%)
[616.061s][info][gc] GC(157) Garbage Collection (Allocation Rate) 14M(78%)->14M(78%)
[616.162s][info][gc] GC(158) Garbage Collection (Allocation Rate) 14M(78%)->14M(78%)
[616.262s][info][gc] GC(159) Garbage Collection (Allocation Rate) 14M(78%)->14M(78%)
[616.362s][info][gc] GC(160) Garbage Collection (Allocation Rate) 14M(78%)->14M(78%)
[616.457s][info][gc] GC(161) Garbage Collection (Allocation Rate) 14M(78%)->14M(78%)
[616.562s][info][gc] GC(162) Garbage Collection (Allocation Rate) 14M(78%)->14M(78%)
[616.708s][info][gc] GC(163) Garbage Collection (Allocation Rate) 14M(78%)->14M(78%)
[616.804s][info][gc] GC(164) Garbage Collection (Allocation Rate) 14M(78%)->14M(78%)
[616.865s][info][gc] GC(165) Garbage Collection (Allocation Rate) 14M(78%)->14M(78%)
[616.963s][info][gc] GC(166) Garbage Collection (Allocation Rate) 14M(78%)->14M(78%)
[617.063s][info][gc] GC(167) Garbage Collection (Allocation Rate) 14M(78%)->14M(78%)
[617.163s][info][gc] GC(168) Garbage Collection (Allocation Rate) 14M(78%)->14M(78%)
[617.263s][info][gc] GC(169) Garbage Collection (Allocation Rate) 14M(78%)->14M(78%)
[617.365s][info][gc] GC(170) Garbage Collection (Allocation Rate) 14M(78%)->12M(67%)
[617.973s][info][gc] GC(171) Garbage Collection (Allocation Rate) 12M(67%)->12M(67%)
[618.063s][info][gc] GC(172) Garbage Collection (Allocation Rate) 12M(67%)->12M(67%)
[618.163s][info][gc] GC(173) Garbage Collection (Allocation Rate) 12M(67%)->12M(67%)
[618.263s][info][gc] GC(174) Garbage Collection (Allocation Rate) 12M(67%)->12M(67%)
[618.363s][info][gc] GC(175) Garbage Collection (Allocation Rate) 12M(67%)->12M(67%)
[618.463s][info][gc] GC(176) Garbage Collection (Allocation Rate) 12M(67%)->12M(67%)
[618.563s][info][gc] GC(177) Garbage Collection (Allocation Rate) 12M(67%)->12M(67%)
[618.658s][info][gc] GC(178) Garbage Collection (Allocation Rate) 12M(67%)->12M(67%)
[618.771s][info][gc] GC(179) Garbage Collection (Allocation Rate) 14M(78%)->12M(67%)
[620.271s][info][gc] GC(180) Garbage Collection (Proactive) 14M(78%)->12M(67%)
[621.570s][info][gc] GC(181) Garbage Collection (Proactive) 14M(78%)->12M(67%)
[622.970s][info][gc] GC(182) Garbage Collection (Proactive) 14M(78%)->14M(78%)
[637.788s][info][gc] GC(183) Garbage Collection (Allocation Rate) 16M(89%)->14M(78%)
[637.867s][info][gc] GC(184) Garbage Collection (Allocation Rate) 14M(78%)->12M(67%)
[637.963s][info][gc] GC(185) Garbage Collection (Allocation Rate) 12M(67%)->12M(67%)
[638.063s][info][gc] GC(186) Garbage Collection (Allocation Rate) 12M(67%)->12M(67%)
[638.163s][info][gc] GC(187) Garbage Collection (Allocation Rate) 12M(67%)->12M(67%)
[638.262s][info][gc] GC(188) Garbage Collection (Allocation Rate) 12M(67%)->12M(67%)
[638.364s][info][gc] GC(189) Garbage Collection (Allocation Rate) 12M(67%)->12M(67%)
[638.464s][info][gc] GC(190) Garbage Collection (Allocation Rate) 12M(67%)->12M(67%)
[638.564s][info][gc] GC(191) Garbage Collection (Allocation Rate) 12M(67%)->12M(67%)
[638.662s][info][gc] GC(192) Garbage Collection (Allocation Rate) 12M(67%)->12M(67%)
[638.879s][info][gc] GC(193) Garbage Collection (Allocation Rate) 12M(67%)->12M(67%)
[639.021s][info][gc] GC(194) Garbage Collection (Allocation Rate) 12M(67%)->12M(67%)
[639.066s][info][gc] GC(195) Garbage Collection (Allocation Rate) 12M(67%)->12M(67%)
[639.157s][info][gc] GC(196) Garbage Collection (Allocation Rate) 12M(67%)->12M(67%)
[639.257s][info][gc] GC(197) Garbage Collection (Allocation Rate) 12M(67%)->12M(67%)
[639.362s][info][gc] GC(198) Garbage Collection (Allocation Rate) 12M(67%)->12M(67%)
[639.462s][info][gc] GC(199) Garbage Collection (Allocation Rate) 12M(67%)->12M(67%)
[639.562s][info][gc] GC(200) Garbage Collection (Allocation Rate) 12M(67%)->12M(67%)
[639.657s][info][gc] GC(201) Garbage Collection (Allocation Rate) 12M(67%)->12M(67%)
[639.818s][info][gc] GC(202) Garbage Collection (Allocation Rate) 14M(78%)->14M(78%)
[639.863s][info][gc] GC(203) Garbage Collection (Allocation Rate) 14M(78%)->14M(78%)
[639.958s][info][gc] GC(204) Garbage Collection (Allocation Rate) 14M(78%)->14M(78%)
[640.061s][info][gc] GC(205) Garbage Collection (Allocation Rate) 14M(78%)->14M(78%)
[640.160s][info][gc] GC(206) Garbage Collection (Allocation Rate) 14M(78%)->14M(78%)
[640.261s][info][gc] GC(207) Garbage Collection (Allocation Rate) 14M(78%)->14M(78%)
[640.361s][info][gc] GC(208) Garbage Collection (Allocation Rate) 14M(78%)->14M(78%)
[640.461s][info][gc] GC(209) Garbage Collection (Allocation Rate) 14M(78%)->14M(78%)
[640.561s][info][gc] GC(210) Garbage Collection (Allocation Rate) 14M(78%)->14M(78%)
[640.661s][info][gc] GC(211) Garbage Collection (Allocation Rate) 14M(78%)->14M(78%)
[640.817s][info][gc] GC(212) Garbage Collection (Allocation Rate) 14M(78%)->14M(78%)
[640.864s][info][gc] GC(213) Garbage Collection (Allocation Rate) 14M(78%)->14M(78%)
[640.961s][info][gc] GC(214) Garbage Collection (Allocation Rate) 14M(78%)->12M(67%)
[641.061s][info][gc] GC(215) Garbage Collection (Allocation Rate) 12M(67%)->12M(67%)
[641.161s][info][gc] GC(216) Garbage Collection (Allocation Rate) 12M(67%)->12M(67%)
[641.461s][info][gc] GC(217) Garbage Collection (Allocation Rate) 12M(67%)->12M(67%)
[641.560s][info][gc] GC(218) Garbage Collection (Allocation Rate) 12M(67%)->12M(67%)
[641.661s][info][gc] GC(219) Garbage Collection (Allocation Rate) 12M(67%)->12M(67%)
[641.847s][info][gc] GC(220) Garbage Collection (Allocation Rate) 14M(78%)->14M(78%)
[641.904s][info][gc] GC(221) Garbage Collection (Allocation Rate) 14M(78%)->14M(78%)
[641.964s][info][gc] GC(222) Garbage Collection (Allocation Rate) 14M(78%)->14M(78%)
[642.061s][info][gc] GC(223) Garbage Collection (Allocation Rate) 14M(78%)->14M(78%)
[642.161s][info][gc] GC(224) Garbage Collection (Allocation Rate) 14M(78%)->14M(78%)
[642.261s][info][gc] GC(225) Garbage Collection (Allocation Rate) 14M(78%)->14M(78%)
[642.361s][info][gc] GC(226) Garbage Collection (Allocation Rate) 14M(78%)->14M(78%)
[642.461s][info][gc] GC(227) Garbage Collection (Allocation Rate) 14M(78%)->14M(78%)
[642.561s][info][gc] GC(228) Garbage Collection (Allocation Rate) 14M(78%)->14M(78%)
[642.661s][info][gc] GC(229) Garbage Collection (Allocation Rate) 14M(78%)->12M(67%)
[642.811s][info][gc] GC(230) Garbage Collection (Allocation Rate) 14M(78%)->14M(78%)
[642.868s][info][gc] GC(231) Garbage Collection (Allocation Rate) 14M(78%)->14M(78%)
[642.963s][info][gc] GC(232) Garbage Collection (Allocation Rate) 14M(78%)->12M(67%)
[643.061s][info][gc] GC(233) Garbage Collection (Allocation Rate) 12M(67%)->12M(67%)
[643.161s][info][gc] GC(234) Garbage Collection (Allocation Rate) 12M(67%)->12M(67%)
[643.462s][info][gc] GC(235) Garbage Collection (Allocation Rate) 12M(67%)->12M(67%)
[643.559s][info][gc] GC(236) Garbage Collection (Allocation Rate) 12M(67%)->12M(67%)
[643.661s][info][gc] GC(237) Garbage Collection (Allocation Rate) 12M(67%)->12M(67%)
[643.816s][info][gc] GC(238) Garbage Collection (Allocation Rate) 14M(78%)->14M(78%)
[643.868s][info][gc] GC(239) Garbage Collection (Allocation Rate) 14M(78%)->14M(78%)
[643.961s][info][gc] GC(240) Garbage Collection (Allocation Rate) 14M(78%)->14M(78%)
[644.061s][info][gc] GC(241) Garbage Collection (Allocation Rate) 14M(78%)->12M(67%)
[645.065s][info][gc] GC(242) Garbage Collection (Allocation Rate) 14M(78%)->14M(78%)
[645.161s][info][gc] GC(243) Garbage Collection (Allocation Rate) 14M(78%)->14M(78%)
[645.258s][info][gc] GC(244) Garbage Collection (Allocation Rate) 14M(78%)->12M(67%)
[646.169s][info][gc] GC(245) Garbage Collection (Proactive) 14M(78%)->12M(67%)
[647.469s][info][gc] GC(246) Garbage Collection (Proactive) 14M(78%)->12M(67%)
[648.667s][info][gc] GC(247) Garbage Collection (Proactive) 14M(78%)->12M(67%)
[649.870s][info][gc] GC(248) Garbage Collection (Proactive) 14M(78%)->14M(78%)
[663.875s][info][gc] GC(249) Garbage Collection (Allocation Rate) 16M(89%)->14M(78%)
[663.963s][info][gc] GC(250) Garbage Collection (Allocation Rate) 14M(78%)->12M(67%)
[664.162s][info][gc] GC(251) Garbage Collection (Allocation Rate) 12M(67%)->10M(56%)
[665.378s][info][gc] GC(252) Garbage Collection (Proactive) 12M(67%)->12M(67%)
[679.974s][info][gc] GC(253) Garbage Collection (Proactive) 14M(78%)->12M(67%)
[681.871s][info][gc] GC(254) Garbage Collection (Proactive) 14M(78%)->14M(78%)
[693.990s][info][gc] GC(255) Garbage Collection (Allocation Rate) 16M(89%)->10M(56%)
[697.705s][info][gc] GC(256) Garbage Collection (Proactive) 12M(67%)->10M(56%)
[698.047s][info][gc] GC(257) Garbage Collection (Allocation Rate) 12M(67%)->12M(67%)
[698.083s][info][gc] GC(258) Garbage Collection (Allocation Rate) 12M(67%)->12M(67%)
[698.165s][info][gc] GC(259) Garbage Collection (Allocation Rate) 12M(67%)->10M(56%)
[698.271s][info][gc] GC(260) Garbage Collection (Allocation Rate) 10M(56%)->10M(56%)
[698.381s][info][gc] GC(261) Garbage Collection (Allocation Rate) 10M(56%)->10M(56%)
[698.484s][info][gc] GC(262) Garbage Collection (Allocation Rate) 10M(56%)->10M(56%)
[700.902s][info][gc] GC(263) Garbage Collection (Proactive) 12M(67%)->10M(56%)
[705.062s][info][gc] GC(264) Garbage Collection (Proactive) 12M(67%)->12M(67%)
[717.101s][info][gc] GC(265) Garbage Collection (Allocation Rate) 14M(78%)->10M(56%)
[724.169s][info][gc] GC(266) Garbage Collection (Proactive) 12M(67%)->10M(56%)
[729.710s][info][gc] GC(267) Garbage Collection (Proactive) 12M(67%)->10M(56%)
[735.168s][info][gc] GC(268) Garbage Collection (Proactive) 12M(67%)->12M(67%)
[749.238s][info][gc] GC(269) Garbage Collection (Allocation Rate) 14M(78%)->12M(67%)
[749.269s][info][gc] GC(270) Garbage Collection (Allocation Rate) 12M(67%)->8M(44%)
[757.319s][info][gc] GC(271) Garbage Collection (Proactive) 10M(56%)->8M(44%)
[764.303s][info][gc] GC(272) Garbage Collection (Proactive) 10M(56%)->10M(56%)
[769.334s][info][gc] GC(273) Garbage Collection (Proactive) 12M(67%)->12M(67%)
[784.399s][info][gc] GC(274) Garbage Collection (Allocation Rate) 14M(78%)->10M(56%)
[789.804s][info][gc] GC(275) Garbage Collection (Proactive) 12M(67%)->10M(56%)
[794.210s][info][gc] GC(276) Garbage Collection (Proactive) 12M(67%)->10M(56%)
[798.102s][info][gc] GC(277) Garbage Collection (Proactive) 12M(67%)->10M(56%)
[801.505s][info][gc] GC(278) Garbage Collection (Proactive) 12M(67%)->10M(56%)
[804.603s][info][gc] GC(279) Garbage Collection (Proactive) 12M(67%)->10M(56%)
[807.498s][info][gc] GC(280) Garbage Collection (Proactive) 12M(67%)->10M(56%)
[810.196s][info][gc] GC(281) Garbage Collection (Proactive) 12M(67%)->10M(56%)
[812.906s][info][gc] GC(282) Garbage Collection (Proactive) 12M(67%)->10M(56%)
[815.999s][info][gc] GC(283) Garbage Collection (Proactive) 12M(67%)->10M(56%)
[818.904s][info][gc] GC(284) Garbage Collection (Proactive) 12M(67%)->10M(56%)
[821.803s][info][gc] GC(285) Garbage Collection (Proactive) 12M(67%)->10M(56%)
[824.604s][info][gc] GC(286) Garbage Collection (Proactive) 12M(67%)->10M(56%)
[827.600s][info][gc] GC(287) Garbage Collection (Proactive) 12M(67%)->10M(56%)
[830.540s][info][gc] GC(288) Garbage Collection (Proactive) 12M(67%)->12M(67%)
[845.633s][info][gc] GC(289) Garbage Collection (Allocation Rate) 14M(78%)->12M(67%)
[845.668s][info][gc] GC(290) Garbage Collection (Allocation Rate) 12M(67%)->8M(44%)
[852.221s][info][gc] GC(291) Garbage Collection (Proactive) 10M(56%)->8M(44%)
[858.804s][info][gc] GC(292) Garbage Collection (Proactive) 10M(56%)->8M(44%)
[863.600s][info][gc] GC(293) Garbage Collection (Proactive) 10M(56%)->12M(67%)
[878.737s][info][gc] GC(294) Garbage Collection (Allocation Rate) 14M(78%)->12M(67%)
[878.769s][info][gc] GC(295) Garbage Collection (Allocation Rate) 12M(67%)->8M(44%)
[885.614s][info][gc] GC(296) Garbage Collection (Proactive) 10M(56%)->10M(56%)
[899.837s][info][gc] GC(297) Garbage Collection (Proactive) 12M(67%)->12M(67%)
[899.871s][info][gc] GC(298) Garbage Collection (Allocation Rate) 12M(67%)->10M(56%)
[899.971s][info][gc] GC(299) Garbage Collection (Allocation Rate) 10M(56%)->8M(44%)
[904.116s][info][gc] GC(300) Garbage Collection (Proactive) 10M(56%)->8M(44%)
[910.106s][info][gc] GC(301) Garbage Collection (Proactive) 10M(56%)->8M(44%)
[914.710s][info][gc] GC(302) Garbage Collection (Proactive) 10M(56%)->10M(56%)
[918.926s][info][gc] GC(303) Garbage Collection (Proactive) 12M(67%)->12M(67%)
[932.989s][info][gc] GC(304) Garbage Collection (Allocation Rate) 14M(78%)->10M(56%)
[937.989s][info][gc] GC(305) Garbage Collection (Proactive) 12M(67%)->10M(56%)
[941.785s][info][gc] GC(306) Garbage Collection (Proactive) 12M(67%)->10M(56%)
[944.705s][info][gc] GC(307) Garbage Collection (Proactive) 12M(67%)->10M(56%)
[948.400s][info][gc] GC(308) Garbage Collection (Proactive) 12M(67%)->10M(56%)
[951.699s][info][gc] GC(309) Garbage Collection (Proactive) 12M(67%)->10M(56%)
[954.704s][info][gc] GC(310) Garbage Collection (Proactive) 12M(67%)->10M(56%)
[957.504s][info][gc] GC(311) Garbage Collection (Proactive) 12M(67%)->10M(56%)
[960.298s][info][gc] GC(312) Garbage Collection (Proactive) 12M(67%)->10M(56%)
[963.186s][info][gc] GC(313) Garbage Collection (Proactive) 12M(67%)->10M(56%)
[966.097s][info][gc] GC(314) Garbage Collection (Proactive) 12M(67%)->10M(56%)
[968.898s][info][gc] GC(315) Garbage Collection (Proactive) 12M(67%)->10M(56%)
[971.800s][info][gc] GC(316) Garbage Collection (Proactive) 12M(67%)->10M(56%)
[974.602s][info][gc] GC(317) Garbage Collection (Proactive) 12M(67%)->10M(56%)
[977.592s][info][gc] GC(318) Garbage Collection (Proactive) 12M(67%)->10M(56%)
[977.661s][info][gc] GC(319) Garbage Collection (Allocation Rate) 14M(78%)->12M(67%)
[977.761s][info][gc] GC(320) Garbage Collection (Allocation Rate) 12M(67%)->12M(67%)
[978.086s][info][gc] GC(321) Garbage Collection (Allocation Rate) 14M(78%)->14M(78%)
[978.163s][info][gc] GC(322) Garbage Collection (Allocation Rate) 14M(78%)->12M(67%)
[978.261s][info][gc] GC(323) Garbage Collection (Allocation Rate) 12M(67%)->12M(67%)
[978.361s][info][gc] GC(324) Garbage Collection (Allocation Rate) 12M(67%)->12M(67%)
[979.084s][info][gc] GC(325) Garbage Collection (Allocation Rate) 14M(78%)->14M(78%)
[979.165s][info][gc] GC(326) Garbage Collection (Allocation Rate) 14M(78%)->12M(67%)
[981.368s][info][gc] GC(327) Garbage Collection (Proactive) 14M(78%)->12M(67%)
[982.968s][info][gc] GC(328) Garbage Collection (Proactive) 14M(78%)->12M(67%)
[984.269s][info][gc] GC(329) Garbage Collection (Proactive) 14M(78%)->12M(67%)
[985.369s][info][gc] GC(330) Garbage Collection (Proactive) 14M(78%)->12M(67%)
[986.368s][info][gc] GC(331) Garbage Collection (Proactive) 14M(78%)->12M(67%)
[987.268s][info][gc] GC(332) Garbage Collection (Proactive) 14M(78%)->12M(67%)
[988.169s][info][gc] GC(333) Garbage Collection (Proactive) 14M(78%)->14M(78%)
[1002.231s][info][gc] GC(334) Garbage Collection (Allocation Rate) 16M(89%)->12M(67%)
[1002.272s][info][gc] GC(335) Garbage Collection (Allocation Rate) 12M(67%)->8M(44%)
[1008.022s][info][gc] GC(336) Garbage Collection (Proactive) 10M(56%)->8M(44%)
[1014.705s][info][gc] GC(337) Garbage Collection (Proactive) 10M(56%)->8M(44%)
[1019.602s][info][gc] GC(338) Garbage Collection (Proactive) 10M(56%)->8M(44%)
[1023.805s][info][gc] GC(339) Garbage Collection (Proactive) 10M(56%)->8M(44%)
[1027.401s][info][gc] GC(340) Garbage Collection (Proactive) 10M(56%)->8M(44%)
[1030.505s][info][gc] GC(341) Garbage Collection (Proactive) 10M(56%)->8M(44%)
[1033.500s][info][gc] GC(342) Garbage Collection (Proactive) 10M(56%)->10M(56%)
[1036.302s][info][gc] GC(343) Garbage Collection (Proactive) 12M(67%)->10M(56%)
[1039.003s][info][gc] GC(344) Garbage Collection (Proactive) 12M(67%)->10M(56%)
[1041.699s][info][gc] GC(345) Garbage Collection (Proactive) 12M(67%)->10M(56%)
[1044.394s][info][gc] GC(346) Garbage Collection (Proactive) 12M(67%)->10M(56%)
[1047.312s][info][gc] GC(347) Garbage Collection (Proactive) 12M(67%)->10M(56%)
[1051.203s][info][gc] GC(348) Garbage Collection (Proactive) 12M(67%)->10M(56%)
[1054.504s][info][gc] GC(349) Garbage Collection (Proactive) 12M(67%)->10M(56%)
[1057.495s][info][gc] GC(350) Garbage Collection (Proactive) 12M(67%)->10M(56%)
[1060.502s][info][gc] GC(351) Garbage Collection (Proactive) 12M(67%)->10M(56%)
[1063.407s][info][gc] GC(352) Garbage Collection (Proactive) 12M(67%)->8M(44%)
[1066.608s][info][gc] GC(353) Garbage Collection (Proactive) 10M(56%)->8M(44%)
[1069.806s][info][gc] GC(354) Garbage Collection (Proactive) 10M(56%)->10M(56%)
[1072.803s][info][gc] GC(355) Garbage Collection (Proactive) 12M(67%)->10M(56%)
[1075.705s][info][gc] GC(356) Garbage Collection (Proactive) 12M(67%)->10M(56%)
[1078.531s][info][gc] GC(357) Garbage Collection (Proactive) 12M(67%)->12M(67%)
[1093.597s][info][gc] GC(358) Garbage Collection (Allocation Rate) 14M(78%)->10M(56%)
[1098.503s][info][gc] GC(359) Garbage Collection (Proactive) 12M(67%)->10M(56%)
[1102.303s][info][gc] GC(360) Garbage Collection (Proactive) 12M(67%)->10M(56%)
[1105.628s][info][gc] GC(361) Garbage Collection (Proactive) 12M(67%)->12M(67%)
[1120.609s][info][gc] GC(362) Garbage Collection (Allocation Rate) 14M(78%)->10M(56%)
[1120.897s][info][gc] GC(363) Garbage Collection (Allocation Rate) 12M(67%)->8M(44%)
[1125.604s][info][gc] GC(364) Garbage Collection (Proactive) 10M(56%)->8M(44%)
[1129.897s][info][gc] GC(365) Garbage Collection (Proactive) 10M(56%)->8M(44%)
[1133.399s][info][gc] GC(366) Garbage Collection (Proactive) 10M(56%)->8M(44%)
[1136.499s][info][gc] GC(367) Garbage Collection (Proactive) 10M(56%)->8M(44%)
[1139.702s][info][gc] GC(368) Garbage Collection (Proactive) 10M(56%)->10M(56%)
[1142.704s][info][gc] GC(369) Garbage Collection (Proactive) 12M(67%)->10M(56%)
[1145.600s][info][gc] GC(370) Garbage Collection (Proactive) 12M(67%)->10M(56%)
[1148.401s][info][gc] GC(371) Garbage Collection (Proactive) 12M(67%)->10M(56%)
[1151.104s][info][gc] GC(372) Garbage Collection (Proactive) 12M(67%)->10M(56%)
[1153.802s][info][gc] GC(373) Garbage Collection (Proactive) 12M(67%)->10M(56%)
[1156.401s][info][gc] GC(374) Garbage Collection (Proactive) 12M(67%)->10M(56%)
[1159.197s][info][gc] GC(375) Garbage Collection (Proactive) 12M(67%)->10M(56%)
[1162.105s][info][gc] GC(376) Garbage Collection (Proactive) 12M(67%)->10M(56%)
[1165.208s][info][gc] GC(377) Garbage Collection (Proactive) 12M(67%)->10M(56%)
[1168.399s][info][gc] GC(378) Garbage Collection (Proactive) 12M(67%)->10M(56%)
[1171.504s][info][gc] GC(379) Garbage Collection (Proactive) 12M(67%)->10M(56%)
[1174.398s][info][gc] GC(380) Garbage Collection (Proactive) 12M(67%)->10M(56%)
[1177.204s][info][gc] GC(381) Garbage Collection (Proactive) 12M(67%)->10M(56%)
[1179.996s][info][gc] GC(382) Garbage Collection (Proactive) 12M(67%)->10M(56%)
[1182.898s][info][gc] GC(383) Garbage Collection (Proactive) 12M(67%)->10M(56%)
[1185.596s][info][gc] GC(384) Garbage Collection (Proactive) 12M(67%)->10M(56%)
[1188.199s][info][gc] GC(385) Garbage Collection (Proactive) 12M(67%)->10M(56%)
[1191.201s][info][gc] GC(386) Garbage Collection (Proactive) 12M(67%)->10M(56%)
[1194.029s][info][gc] GC(387) Garbage Collection (Proactive) 12M(67%)->12M(67%)
[1201.392s][info][gc] Allocation Stall (main) 19.320ms
[1201.394s][info][gc] GC(388) Garbage Collection (Allocation Stall) 18M(100%)->12M(67%)
[1201.417s][info][gc] Allocation Stall (main) 9.952ms
[1201.418s][info][gc] GC(389) Garbage Collection (Allocation Stall) 18M(100%)->14M(78%)
[1201.433s][info][gc] Allocation Stall (main) 7.888ms
[1201.434s][info][gc] GC(390) Garbage Collection (Allocation Stall) 18M(100%)->14M(78%)
[1201.449s][info][gc] Allocation Stall (main) 8.684ms
[1201.449s][info][gc] GC(391) Garbage Collection (Allocation Stall) 18M(100%)->16M(89%)
[1201.460s][info][gc] Allocation Stall (main) 8.094ms
[1201.461s][info][gc] GC(392) Garbage Collection (Allocation Stall) 18M(100%)->16M(89%)
[1201.570s][info][gc] GC(393) Garbage Collection (Allocation Rate) 18M(100%)->8M(44%)
[1201.673s][info][gc] GC(394) Garbage Collection (Allocation Rate) 8M(44%)->8M(44%)
[1201.766s][info][gc] GC(395) Garbage Collection (Allocation Rate) 8M(44%)->8M(44%)
[1201.954s][info][gc] GC(396) Garbage Collection (Allocation Rate) 10M(56%)->10M(56%)
[1202.162s][info][gc] GC(397) Garbage Collection (Allocation Rate) 10M(56%)->10M(56%)
[1202.279s][info][gc] GC(398) Garbage Collection (Allocation Rate) 10M(56%)->10M(56%)
[1202.369s][info][gc] GC(399) Garbage Collection (Allocation Rate) 10M(56%)->10M(56%)
[1202.474s][info][gc] GC(400) Garbage Collection (Allocation Rate) 10M(56%)->10M(56%)
[1202.579s][info][gc] GC(401) Garbage Collection (Allocation Rate) 10M(56%)->10M(56%)
[1202.679s][info][gc] GC(402) Garbage Collection (Allocation Rate) 10M(56%)->10M(56%)
[1202.771s][info][gc] GC(403) Garbage Collection (Allocation Rate) 10M(56%)->10M(56%)
[1202.912s][info][gc] GC(404) Garbage Collection (Allocation Rate) 12M(67%)->12M(67%)
[1202.966s][info][gc] GC(405) Garbage Collection (Allocation Rate) 12M(67%)->10M(56%)
[1203.067s][info][gc] GC(406) Garbage Collection (Allocation Rate) 12M(67%)->10M(56%)
[1203.162s][info][gc] GC(407) Garbage Collection (Allocation Rate) 10M(56%)->10M(56%)
[1203.270s][info][gc] GC(408) Garbage Collection (Allocation Rate) 10M(56%)->10M(56%)
[1204.929s][info][gc] GC(409) Garbage Collection (Proactive) 12M(67%)->12M(67%)
[1218.213s][info][gc] GC(410) Garbage Collection (Allocation Rate) 14M(78%)->10M(56%)
[1223.951s][info][gc] GC(411) Garbage Collection (Proactive) 12M(67%)->12M(67%)
[1237.010s][info][gc] GC(412) Garbage Collection (Allocation Rate) 14M(78%)->8M(44%)
[1243.097s][info][gc] GC(413) Garbage Collection (Proactive) 10M(56%)->8M(44%)
[1247.808s][info][gc] GC(414) Garbage Collection (Proactive) 10M(56%)->10M(56%)
[1251.696s][info][gc] GC(415) Garbage Collection (Proactive) 12M(67%)->10M(56%)
[1255.200s][info][gc] GC(416) Garbage Collection (Proactive) 12M(67%)->10M(56%)
[1258.294s][info][gc] GC(417) Garbage Collection (Proactive) 12M(67%)->10M(56%)
[1260.998s][info][gc] GC(418) Garbage Collection (Proactive) 12M(67%)->10M(56%)
[1263.600s][info][gc] GC(419) Garbage Collection (Proactive) 12M(67%)->10M(56%)
[1266.152s][info][gc] GC(420) Garbage Collection (Proactive) 12M(67%)->12M(67%)
[1280.381s][info][gc] GC(421) Garbage Collection (Allocation Rate) 14M(78%)->10M(56%)
[1287.097s][info][gc] GC(422) Garbage Collection (Proactive) 12M(67%)->10M(56%)
[1291.905s][info][gc] GC(423) Garbage Collection (Proactive) 12M(67%)->10M(56%)
[1295.898s][info][gc] GC(424) Garbage Collection (Proactive) 12M(67%)->10M(56%)
[1299.213s][info][gc] GC(425) Garbage Collection (Proactive) 12M(67%)->12M(67%)
[1314.393s][info][gc] GC(426) Garbage Collection (Proactive) 14M(78%)->10M(56%)
[1314.685s][info][gc] GC(427) Garbage Collection (Allocation Rate) 12M(67%)->8M(44%)
[1318.220s][info][gc] GC(428) Garbage Collection (Proactive) 10M(56%)->8M(44%)
[1324.111s][info][gc] GC(429) Garbage Collection (Proactive) 10M(56%)->10M(56%)
[1328.704s][info][gc] GC(430) Garbage Collection (Proactive) 12M(67%)->10M(56%)
[1332.801s][info][gc] GC(431) Garbage Collection (Proactive) 12M(67%)->10M(56%)
[1336.200s][info][gc] GC(432) Garbage Collection (Proactive) 12M(67%)->10M(56%)
[1339.297s][info][gc] GC(433) Garbage Collection (Proactive) 12M(67%)->10M(56%)
[1342.301s][info][gc] GC(434) Garbage Collection (Proactive) 12M(67%)->10M(56%)
[1345.196s][info][gc] GC(435) Garbage Collection (Proactive) 12M(67%)->10M(56%)
[1347.905s][info][gc] GC(436) Garbage Collection (Proactive) 12M(67%)->10M(56%)
[1350.999s][info][gc] GC(437) Garbage Collection (Proactive) 12M(67%)->10M(56%)
[1353.803s][info][gc] GC(438) Garbage Collection (Proactive) 12M(67%)->10M(56%)
[1356.623s][info][gc] GC(439) Garbage Collection (Proactive) 12M(67%)->12M(67%)
[1370.609s][info][gc] GC(440) Garbage Collection (Allocation Rate) 14M(78%)->8M(44%)
[1374.726s][info][gc] GC(441) Garbage Collection (Proactive) 10M(56%)->12M(67%)
[1389.800s][info][gc] GC(442) Garbage Collection (Allocation Rate) 14M(78%)->10M(56%)
[1394.398s][info][gc] GC(443) Garbage Collection (Proactive) 12M(67%)->10M(56%)
[1398.093s][info][gc] GC(444) Garbage Collection (Proactive) 12M(67%)->10M(56%)
[1401.203s][info][gc] GC(445) Garbage Collection (Proactive) 12M(67%)->10M(56%)
[1404.184s][info][gc] GC(446) Garbage Collection (Proactive) 12M(67%)->10M(56%)
[1407.201s][info][gc] GC(447) Garbage Collection (Proactive) 12M(67%)->10M(56%)
[1410.400s][info][gc] GC(448) Garbage Collection (Proactive) 12M(67%)->10M(56%)
[1413.501s][info][gc] GC(449) Garbage Collection (Proactive) 12M(67%)->10M(56%)
[1416.400s][info][gc] GC(450) Garbage Collection (Proactive) 12M(67%)->10M(56%)
[1419.189s][info][gc] GC(451) Garbage Collection (Proactive) 12M(67%)->10M(56%)
[1421.994s][info][gc] GC(452) Garbage Collection (Proactive) 12M(67%)->10M(56%)
[1424.491s][info][gc] GC(453) Garbage Collection (Proactive) 12M(67%)->10M(56%)
[1426.991s][info][gc] GC(454) Garbage Collection (Proactive) 12M(67%)->10M(56%)
[1429.477s][info][gc] GC(455) Garbage Collection (Proactive) 12M(67%)->10M(56%)
[1432.174s][info][gc] GC(456) Garbage Collection (Proactive) 12M(67%)->10M(56%)
[1434.390s][info][gc] GC(457) Garbage Collection (Proactive) 12M(67%)->10M(56%)
